// Jest Snapshot v1, https://goo.gl/fbAQLP

exports[`<CallItem /> render() renders the component 1`] = `"<div><li class=\\"MuiListItem-root-1 MuiListItem-default-4 MuiListItem-gutters-8\\"><div class=\\"MuiAvatar-root-12 MuiAvatar-colorDefault-13\\"><svg class=\\"MuiSvgIcon-root-15\\" focusable=\\"false\\" viewBox=\\"0 0 24 24\\" aria-hidden=\\"true\\"><path fill=\\"none\\" d=\\"M0 0h24v24H0V0z\\"></path><g><path d=\\"M19.23 15.26l-2.54-.29c-.61-.07-1.21.14-1.64.57l-1.84 1.84c-2.83-1.44-5.15-3.75-6.59-6.59l1.85-1.85c.43-.43.64-1.03.57-1.64l-.29-2.52c-.12-1.01-.97-1.77-1.99-1.77H5.03c-1.13 0-2.07.94-2 2.07.53 8.54 7.36 15.36 15.89 15.89 1.13.07 2.07-.87 2.07-2v-1.73c.01-1.01-.75-1.86-1.76-1.98z\\"></path></g></svg></div><div class=\\"MuiListItemText-root-22\\"><span class=\\"MuiTypography-root-28 MuiTypography-subheading-35 MuiListItemText-primary-25\\">(11) 9986-5645</span><p class=\\"MuiTypography-root-28 MuiTypography-body1-37 MuiTypography-colorTextSecondary-51 MuiListItemText-secondary-26\\">11:50</p></div></li></div>"`;
