// Jest Snapshot v1, https://goo.gl/fbAQLP

exports[`<FinishedCallList /> render() renders the component 1`] = `"<div class=\\"MuiPaper-root-4 MuiPaper-elevation2-8 MuiPaper-rounded-5 FinishedCallList-root-1\\"><h2 class=\\"MuiTypography-root-31 MuiTypography-title-37 MuiTypography-gutterBottom-48 FinishedCallList-title-3\\">Finished Calls</h2><table class=\\"MuiTable-root-56 FinishedCallList-table-2\\"><thead class=\\"MuiTableHead-root-57\\"><tr class=\\"MuiTableRow-root-58 MuiTableRow-head-61\\"><th class=\\"MuiTableCell-root-63 MuiTableCell-head-64\\" scope=\\"col\\">Customer</th><th class=\\"MuiTableCell-root-63 MuiTableCell-head-64 MuiTableCell-numeric-67\\" scope=\\"col\\">Number</th><th class=\\"MuiTableCell-root-63 MuiTableCell-head-64 MuiTableCell-numeric-67\\" scope=\\"col\\">Start Time</th><th class=\\"MuiTableCell-root-63 MuiTableCell-head-64 MuiTableCell-numeric-67\\" scope=\\"col\\">End Time</th><th class=\\"MuiTableCell-root-63 MuiTableCell-head-64 MuiTableCell-numeric-67\\" scope=\\"col\\">Download</th></tr></thead><tbody class=\\"MuiTableBody-root-71\\"><tr class=\\"MuiTableRow-root-58\\"><th class=\\"MuiTableCell-root-63 MuiTableCell-body-65\\" scope=\\"row\\">Frozen yoghurt</th><td class=\\"MuiTableCell-root-63 MuiTableCell-body-65 MuiTableCell-numeric-67\\">159</td><td class=\\"MuiTableCell-root-63 MuiTableCell-body-65 MuiTableCell-numeric-67\\">6</td><td class=\\"MuiTableCell-root-63 MuiTableCell-body-65 MuiTableCell-numeric-67\\">24</td><td class=\\"MuiTableCell-root-63 MuiTableCell-body-65 MuiTableCell-numeric-67\\">4</td></tr><tr class=\\"MuiTableRow-root-58\\"><th class=\\"MuiTableCell-root-63 MuiTableCell-body-65\\" scope=\\"row\\">Ice cream sandwich</th><td class=\\"MuiTableCell-root-63 MuiTableCell-body-65 MuiTableCell-numeric-67\\">237</td><td class=\\"MuiTableCell-root-63 MuiTableCell-body-65 MuiTableCell-numeric-67\\">9</td><td class=\\"MuiTableCell-root-63 MuiTableCell-body-65 MuiTableCell-numeric-67\\">37</td><td class=\\"MuiTableCell-root-63 MuiTableCell-body-65 MuiTableCell-numeric-67\\">4.3</td></tr><tr class=\\"MuiTableRow-root-58\\"><th class=\\"MuiTableCell-root-63 MuiTableCell-body-65\\" scope=\\"row\\">Eclair</th><td class=\\"MuiTableCell-root-63 MuiTableCell-body-65 MuiTableCell-numeric-67\\">262</td><td class=\\"MuiTableCell-root-63 MuiTableCell-body-65 MuiTableCell-numeric-67\\">16</td><td class=\\"MuiTableCell-root-63 MuiTableCell-body-65 MuiTableCell-numeric-67\\">24</td><td class=\\"MuiTableCell-root-63 MuiTableCell-body-65 MuiTableCell-numeric-67\\">6</td></tr><tr class=\\"MuiTableRow-root-58\\"><th class=\\"MuiTableCell-root-63 MuiTableCell-body-65\\" scope=\\"row\\">Cupcake</th><td class=\\"MuiTableCell-root-63 MuiTableCell-body-65 MuiTableCell-numeric-67\\">305</td><td class=\\"MuiTableCell-root-63 MuiTableCell-body-65 MuiTableCell-numeric-67\\">3.7</td><td class=\\"MuiTableCell-root-63 MuiTableCell-body-65 MuiTableCell-numeric-67\\">67</td><td class=\\"MuiTableCell-root-63 MuiTableCell-body-65 MuiTableCell-numeric-67\\">4.3</td></tr><tr class=\\"MuiTableRow-root-58\\"><th class=\\"MuiTableCell-root-63 MuiTableCell-body-65\\" scope=\\"row\\">Gingerbread</th><td class=\\"MuiTableCell-root-63 MuiTableCell-body-65 MuiTableCell-numeric-67\\">356</td><td class=\\"MuiTableCell-root-63 MuiTableCell-body-65 MuiTableCell-numeric-67\\">16</td><td class=\\"MuiTableCell-root-63 MuiTableCell-body-65 MuiTableCell-numeric-67\\">49</td><td class=\\"MuiTableCell-root-63 MuiTableCell-body-65 MuiTableCell-numeric-67\\">3.9</td></tr></tbody></table></div>"`;
